*PEST LIST

@#   FILENAME EXT FILE HEADING
   1 BHGRO046 PST BAHIA PEST COEFFICIENTS: CRGRO046 MODEL
   2 BNGRO046 PST DRYBEAN PEST COEFFICIENTS: CRGRO046 MODEL
   3 BRGRO046 PST BRACHIARIA PEST COEFFICIENTS: CRGRO046 MODEL
   4 CHGRO046 PST CHICKPEA PEST COEFFICIENTS: CRGRO046 MODEL
   5 COGRO046 PST COTTON PEST COEFFICIENTS: CRGRO046 MODEL
   6 CPGRO046 PST COWPEA PEST COEFFICIENTS: CRGRO046 MODEL
   7 FBGRO046 PST FABA BEAN PEST COEFFICIENTS: CRGRO046 MODEL
   8 GBGRO046 PST GREEN BEAN PEST COEFFICIENTS: CRGRO046 MODEL
   9 MLCER046 PST MILLET PEST COEFFICIENTS: GECER046 MODEL
  10 MZCER046 PST MAIZE PEST COEFFICIENTS: GECER046 MODEL
  11 MZIXM046 PST MAIZE PEST COEFFICIENTS: GECER046 MODEL
  12 PNGRO046 PST PEANUT PEST COEFFICIENTS: CRGRO046 MODEL
  13 PPGRO046 PST SOYBEAN PEST COEFFICIENTS: CRGRO046 MODEL
  14 SBGRO046 PST SOYBEAN PEST COEFFICIENTS: CRGRO046 MODEL
  15 SGCER046 PST SORGHUM PEST COEFFICIENTS: GECER046 MODEL
  16 SUOIL046 PST SUNFLOWER PEST COEFFICIENTS - SUOIL980 MODEL
  17 TMGRO046 PST TOMATO PEST COEFFICIENTS: CRGRO046 MODEL
  18 VBGRO046 PST VELVET BEAN PEST COEFFICIENTS: CRGRO046 MODEL
